Simulator report for address_control
Mon Jun 02 09:04:12 2025
Quartus II Version 9.0 Build 235 06/17/2009 Service Pack 2 SJ Web Edition


---------------------
; Table of Contents ;
---------------------
  1. Legal Notice
  2. Simulator Summary
  3. Simulator Settings
  4. Simulation Waveforms
  5. Coverage Summary
  6. Complete 1/0-Value Coverage
  7. Missing 1-Value Coverage
  8. Missing 0-Value Coverage
  9. Simulator INI Usage
 10. Simulator Messages



----------------
; Legal Notice ;
----------------
Copyright (C) 1991-2009 Altera Corporation
Your use of Altera Corporation's design tools, logic functions 
and other software and tools, and its AMPP partner logic 
functions, and any output files from any of the foregoing 
(including device programming or simulation files), and any 
associated documentation or information are expressly subject 
to the terms and conditions of the Altera Program License 
Subscription Agreement, Altera MegaCore Function License 
Agreement, or other applicable license agreement, including, 
without limitation, that your use is for the sole purpose of 
programming logic devices manufactured by Altera and sold by 
Altera or its authorized distributors.  Please refer to the 
applicable agreement for further details.



+--------------------------------------------+
; Simulator Summary                          ;
+-----------------------------+--------------+
; Type                        ; Value        ;
+-----------------------------+--------------+
; Simulation Start Time       ; 0 ps         ;
; Simulation End Time         ; 1.0 us       ;
; Simulation Netlist Size     ; 426 nodes    ;
; Simulation Coverage         ;      49.39 % ;
; Total Number of Transitions ; 1273         ;
; Simulation Breakpoints      ; 0            ;
; Family                      ; Cyclone II   ;
+-----------------------------+--------------+


+-------------------------------------------------------------------------------------------------------------------------+
; Simulator Settings                                                                                                      ;
+--------------------------------------------------------------------------------------------+------------+---------------+
; Option                                                                                     ; Setting    ; Default Value ;
+--------------------------------------------------------------------------------------------+------------+---------------+
; Simulation mode                                                                            ; Functional ; Timing        ;
; Start time                                                                                 ; 0 ns       ; 0 ns          ;
; Simulation results format                                                                  ; CVWF       ;               ;
; Add pins automatically to simulation output waveforms                                      ; On         ; On            ;
; Check outputs                                                                              ; Off        ; Off           ;
; Report simulation coverage                                                                 ; On         ; On            ;
; Display complete 1/0 value coverage report                                                 ; On         ; On            ;
; Display missing 1-value coverage report                                                    ; On         ; On            ;
; Display missing 0-value coverage report                                                    ; On         ; On            ;
; Detect setup and hold time violations                                                      ; Off        ; Off           ;
; Detect glitches                                                                            ; Off        ; Off           ;
; Disable timing delays in Timing Simulation                                                 ; Off        ; Off           ;
; Generate Signal Activity File                                                              ; Off        ; Off           ;
; Generate VCD File for PowerPlay Power Analyzer                                             ; Off        ; Off           ;
; Group bus channels in simulation results                                                   ; Off        ; Off           ;
; Preserve fewer signal transitions to reduce memory requirements                            ; On         ; On            ;
; Trigger vector comparison with the specified mode                                          ; INPUT_EDGE ; INPUT_EDGE    ;
; Disable setup and hold time violations detection in input registers of bi-directional pins ; Off        ; Off           ;
; Overwrite Waveform Inputs With Simulation Outputs                                          ; On         ;               ;
; Perform Glitch Filtering in Timing Simulation                                              ; Auto       ; Auto          ;
+--------------------------------------------------------------------------------------------+------------+---------------+


+----------------------+
; Simulation Waveforms ;
+----------------------+
Waveform report data cannot be output to ASCII.
Please use Quartus II to view the waveform report data.


+--------------------------------------------------------------------+
; Coverage Summary                                                   ;
+-----------------------------------------------------+--------------+
; Type                                                ; Value        ;
+-----------------------------------------------------+--------------+
; Total coverage as a percentage                      ;      49.39 % ;
; Total nodes checked                                 ; 426          ;
; Total output ports checked                          ; 409          ;
; Total output ports with complete 1/0-value coverage ; 202          ;
; Total output ports with no 1/0-value coverage       ; 81           ;
; Total output ports with no 1-value coverage         ; 81           ;
; Total output ports with no 0-value coverage         ; 207          ;
+-----------------------------------------------------+--------------+


The following table displays output ports that toggle between 1 and 0 during simulation.
+----------------------------------------------------------------------------------------------------+
; Complete 1/0-Value Coverage                                                                        ;
+----------------------------------------+----------------------------------------+------------------+
; Node Name                              ; Output Port Name                       ; Output Port Type ;
+----------------------------------------+----------------------------------------+------------------+
; |address_control|state~0               ; |address_control|state~0               ; out              ;
; |address_control|state~1               ; |address_control|state~1               ; out              ;
; |address_control|state~2               ; |address_control|state~2               ; out              ;
; |address_control|state~3               ; |address_control|state~3               ; out              ;
; |address_control|state~4               ; |address_control|state~4               ; out              ;
; |address_control|state~5               ; |address_control|state~5               ; out              ;
; |address_control|state~6               ; |address_control|state~6               ; out              ;
; |address_control|state~7               ; |address_control|state~7               ; out              ;
; |address_control|state~8               ; |address_control|state~8               ; out              ;
; |address_control|state~9               ; |address_control|state~9               ; out              ;
; |address_control|state~10              ; |address_control|state~10              ; out              ;
; |address_control|state~11              ; |address_control|state~11              ; out              ;
; |address_control|state~12              ; |address_control|state~12              ; out              ;
; |address_control|state~13              ; |address_control|state~13              ; out              ;
; |address_control|state~14              ; |address_control|state~14              ; out              ;
; |address_control|state~15              ; |address_control|state~15              ; out              ;
; |address_control|state~16              ; |address_control|state~16              ; out              ;
; |address_control|state~17              ; |address_control|state~17              ; out              ;
; |address_control|state~18              ; |address_control|state~18              ; out              ;
; |address_control|state~19              ; |address_control|state~19              ; out              ;
; |address_control|state~20              ; |address_control|state~20              ; out              ;
; |address_control|state~21              ; |address_control|state~21              ; out              ;
; |address_control|state~22              ; |address_control|state~22              ; out              ;
; |address_control|data_out[0]~reg0      ; |address_control|data_out[0]~reg0      ; regout           ;
; |address_control|state~23              ; |address_control|state~23              ; out0             ;
; |address_control|state~24              ; |address_control|state~24              ; out0             ;
; |address_control|state~25              ; |address_control|state~25              ; out0             ;
; |address_control|data_out~1            ; |address_control|data_out~1            ; out              ;
; |address_control|data_out~3            ; |address_control|data_out~3            ; out              ;
; |address_control|data_out~5            ; |address_control|data_out~5            ; out              ;
; |address_control|data_out~7            ; |address_control|data_out~7            ; out              ;
; |address_control|data_out~9            ; |address_control|data_out~9            ; out              ;
; |address_control|data_out~11           ; |address_control|data_out~11           ; out              ;
; |address_control|data_out~13           ; |address_control|data_out~13           ; out              ;
; |address_control|data_out~15           ; |address_control|data_out~15           ; out              ;
; |address_control|address~4             ; |address_control|address~4             ; out              ;
; |address_control|address~5             ; |address_control|address~5             ; out              ;
; |address_control|address~6             ; |address_control|address~6             ; out              ;
; |address_control|address~7             ; |address_control|address~7             ; out              ;
; |address_control|address~8             ; |address_control|address~8             ; out              ;
; |address_control|address~9             ; |address_control|address~9             ; out              ;
; |address_control|address~10            ; |address_control|address~10            ; out              ;
; |address_control|address~11            ; |address_control|address~11            ; out              ;
; |address_control|address~12            ; |address_control|address~12            ; out              ;
; |address_control|address~13            ; |address_control|address~13            ; out              ;
; |address_control|address~14            ; |address_control|address~14            ; out              ;
; |address_control|address~15            ; |address_control|address~15            ; out              ;
; |address_control|address~16            ; |address_control|address~16            ; out              ;
; |address_control|address~17            ; |address_control|address~17            ; out              ;
; |address_control|address~18            ; |address_control|address~18            ; out              ;
; |address_control|address~19            ; |address_control|address~19            ; out              ;
; |address_control|address~21            ; |address_control|address~21            ; out              ;
; |address_control|address~22            ; |address_control|address~22            ; out              ;
; |address_control|address~23            ; |address_control|address~23            ; out              ;
; |address_control|address~24            ; |address_control|address~24            ; out              ;
; |address_control|address~25            ; |address_control|address~25            ; out              ;
; |address_control|address~26            ; |address_control|address~26            ; out              ;
; |address_control|address~27            ; |address_control|address~27            ; out              ;
; |address_control|address~28            ; |address_control|address~28            ; out              ;
; |address_control|address~29            ; |address_control|address~29            ; out              ;
; |address_control|address~30            ; |address_control|address~30            ; out              ;
; |address_control|address~31            ; |address_control|address~31            ; out              ;
; |address_control|address~32            ; |address_control|address~32            ; out              ;
; |address_control|address~33            ; |address_control|address~33            ; out              ;
; |address_control|address~34            ; |address_control|address~34            ; out              ;
; |address_control|address~35            ; |address_control|address~35            ; out              ;
; |address_control|address~36            ; |address_control|address~36            ; out              ;
; |address_control|address~37            ; |address_control|address~37            ; out              ;
; |address_control|address~38            ; |address_control|address~38            ; out              ;
; |address_control|address~39            ; |address_control|address~39            ; out              ;
; |address_control|address~40            ; |address_control|address~40            ; out              ;
; |address_control|address~41            ; |address_control|address~41            ; out              ;
; |address_control|address~42            ; |address_control|address~42            ; out              ;
; |address_control|address~43            ; |address_control|address~43            ; out              ;
; |address_control|address~44            ; |address_control|address~44            ; out              ;
; |address_control|address~45            ; |address_control|address~45            ; out              ;
; |address_control|state[0]              ; |address_control|state[0]              ; regout           ;
; |address_control|data_out[2]~reg0      ; |address_control|data_out[2]~reg0      ; regout           ;
; |address_control|data_out[4]~reg0      ; |address_control|data_out[4]~reg0      ; regout           ;
; |address_control|data_out[6]~reg0      ; |address_control|data_out[6]~reg0      ; regout           ;
; |address_control|address[0]~reg0       ; |address_control|address[0]~reg0       ; regout           ;
; |address_control|state[1]              ; |address_control|state[1]              ; regout           ;
; |address_control|state[2]              ; |address_control|state[2]              ; regout           ;
; |address_control|state[3]              ; |address_control|state[3]              ; regout           ;
; |address_control|state[4]              ; |address_control|state[4]              ; regout           ;
; |address_control|state[5]              ; |address_control|state[5]              ; regout           ;
; |address_control|state[6]              ; |address_control|state[6]              ; regout           ;
; |address_control|clk                   ; |address_control|clk                   ; out              ;
; |address_control|clk_synced            ; |address_control|clk_synced            ; out              ;
; |address_control|flash_reader_finished ; |address_control|flash_reader_finished ; out              ;
; |address_control|start                 ; |address_control|start                 ; out              ;
; |address_control|FWD                   ; |address_control|FWD                   ; out              ;
; |address_control|start_next_flash      ; |address_control|start_next_flash      ; pin_out          ;
; |address_control|read                  ; |address_control|read                  ; pin_out          ;
; |address_control|finish                ; |address_control|finish                ; pin_out          ;
; |address_control|data_out[0]           ; |address_control|data_out[0]           ; pin_out          ;
; |address_control|data_out[2]           ; |address_control|data_out[2]           ; pin_out          ;
; |address_control|data_out[4]           ; |address_control|data_out[4]           ; pin_out          ;
; |address_control|data_out[6]           ; |address_control|data_out[6]           ; pin_out          ;
; |address_control|address[0]            ; |address_control|address[0]            ; pin_out          ;
; |address_control|Selector0~0           ; |address_control|Selector0~0           ; out0             ;
; |address_control|Selector0~5           ; |address_control|Selector0~5           ; out0             ;
; |address_control|Selector1~0           ; |address_control|Selector1~0           ; out0             ;
; |address_control|Selector1~4           ; |address_control|Selector1~4           ; out0             ;
; |address_control|Selector1~5           ; |address_control|Selector1~5           ; out0             ;
; |address_control|Selector2~0           ; |address_control|Selector2~0           ; out0             ;
; |address_control|Selector2~2           ; |address_control|Selector2~2           ; out0             ;
; |address_control|Selector2~3           ; |address_control|Selector2~3           ; out0             ;
; |address_control|Selector2~5           ; |address_control|Selector2~5           ; out0             ;
; |address_control|Selector3~0           ; |address_control|Selector3~0           ; out0             ;
; |address_control|Selector3~1           ; |address_control|Selector3~1           ; out0             ;
; |address_control|Selector3~2           ; |address_control|Selector3~2           ; out0             ;
; |address_control|Selector3~3           ; |address_control|Selector3~3           ; out0             ;
; |address_control|Selector3~4           ; |address_control|Selector3~4           ; out0             ;
; |address_control|Selector3~5           ; |address_control|Selector3~5           ; out0             ;
; |address_control|Selector4~0           ; |address_control|Selector4~0           ; out0             ;
; |address_control|Selector4~1           ; |address_control|Selector4~1           ; out0             ;
; |address_control|Selector4~2           ; |address_control|Selector4~2           ; out0             ;
; |address_control|Selector5~0           ; |address_control|Selector5~0           ; out0             ;
; |address_control|Selector5~1           ; |address_control|Selector5~1           ; out0             ;
; |address_control|Selector5~2           ; |address_control|Selector5~2           ; out0             ;
; |address_control|Selector6~0           ; |address_control|Selector6~0           ; out0             ;
; |address_control|Selector29~0          ; |address_control|Selector29~0          ; out              ;
; |address_control|Selector29~1          ; |address_control|Selector29~1          ; out              ;
; |address_control|Selector31~0          ; |address_control|Selector31~0          ; out              ;
; |address_control|Selector31~1          ; |address_control|Selector31~1          ; out              ;
; |address_control|Selector33~0          ; |address_control|Selector33~0          ; out              ;
; |address_control|Selector33~1          ; |address_control|Selector33~1          ; out              ;
; |address_control|Selector35~0          ; |address_control|Selector35~0          ; out              ;
; |address_control|Selector35~1          ; |address_control|Selector35~1          ; out              ;
; |address_control|Selector37~0          ; |address_control|Selector37~0          ; out              ;
; |address_control|Selector37~1          ; |address_control|Selector37~1          ; out              ;
; |address_control|Decoder0~0            ; |address_control|Decoder0~0            ; out0             ;
; |address_control|Decoder0~1            ; |address_control|Decoder0~1            ; out0             ;
; |address_control|Decoder0~2            ; |address_control|Decoder0~2            ; out0             ;
; |address_control|Decoder0~3            ; |address_control|Decoder0~3            ; out0             ;
; |address_control|Decoder0~4            ; |address_control|Decoder0~4            ; out0             ;
; |address_control|Decoder0~5            ; |address_control|Decoder0~5            ; out0             ;
; |address_control|Decoder0~6            ; |address_control|Decoder0~6            ; out0             ;
; |address_control|Decoder0~7            ; |address_control|Decoder0~7            ; out0             ;
; |address_control|Decoder0~8            ; |address_control|Decoder0~8            ; out0             ;
; |address_control|Add0~0                ; |address_control|Add0~0                ; out0             ;
; |address_control|Add0~4                ; |address_control|Add0~4                ; out0             ;
; |address_control|Add0~6                ; |address_control|Add0~6                ; out0             ;
; |address_control|Add0~8                ; |address_control|Add0~8                ; out0             ;
; |address_control|Add0~10               ; |address_control|Add0~10               ; out0             ;
; |address_control|Add0~12               ; |address_control|Add0~12               ; out0             ;
; |address_control|Add0~14               ; |address_control|Add0~14               ; out0             ;
; |address_control|Add0~16               ; |address_control|Add0~16               ; out0             ;
; |address_control|Add0~18               ; |address_control|Add0~18               ; out0             ;
; |address_control|Add0~20               ; |address_control|Add0~20               ; out0             ;
; |address_control|Add0~22               ; |address_control|Add0~22               ; out0             ;
; |address_control|Add0~24               ; |address_control|Add0~24               ; out0             ;
; |address_control|Add0~26               ; |address_control|Add0~26               ; out0             ;
; |address_control|Add0~28               ; |address_control|Add0~28               ; out0             ;
; |address_control|Add0~30               ; |address_control|Add0~30               ; out0             ;
; |address_control|Add0~32               ; |address_control|Add0~32               ; out0             ;
; |address_control|Add0~34               ; |address_control|Add0~34               ; out0             ;
; |address_control|Add1~0                ; |address_control|Add1~0                ; out0             ;
; |address_control|Add1~1                ; |address_control|Add1~1                ; out0             ;
; |address_control|Add1~3                ; |address_control|Add1~3                ; out0             ;
; |address_control|Add1~4                ; |address_control|Add1~4                ; out0             ;
; |address_control|Add1~6                ; |address_control|Add1~6                ; out0             ;
; |address_control|Add1~7                ; |address_control|Add1~7                ; out0             ;
; |address_control|Add1~9                ; |address_control|Add1~9                ; out0             ;
; |address_control|Add1~10               ; |address_control|Add1~10               ; out0             ;
; |address_control|Add1~12               ; |address_control|Add1~12               ; out0             ;
; |address_control|Add1~13               ; |address_control|Add1~13               ; out0             ;
; |address_control|Add1~15               ; |address_control|Add1~15               ; out0             ;
; |address_control|Add1~16               ; |address_control|Add1~16               ; out0             ;
; |address_control|Add1~18               ; |address_control|Add1~18               ; out0             ;
; |address_control|Add1~19               ; |address_control|Add1~19               ; out0             ;
; |address_control|Add1~21               ; |address_control|Add1~21               ; out0             ;
; |address_control|Add1~22               ; |address_control|Add1~22               ; out0             ;
; |address_control|Add1~24               ; |address_control|Add1~24               ; out0             ;
; |address_control|Add1~25               ; |address_control|Add1~25               ; out0             ;
; |address_control|Add1~27               ; |address_control|Add1~27               ; out0             ;
; |address_control|Add1~28               ; |address_control|Add1~28               ; out0             ;
; |address_control|Add1~30               ; |address_control|Add1~30               ; out0             ;
; |address_control|Add1~31               ; |address_control|Add1~31               ; out0             ;
; |address_control|Add1~33               ; |address_control|Add1~33               ; out0             ;
; |address_control|Add1~34               ; |address_control|Add1~34               ; out0             ;
; |address_control|Add1~36               ; |address_control|Add1~36               ; out0             ;
; |address_control|Add1~37               ; |address_control|Add1~37               ; out0             ;
; |address_control|Add1~39               ; |address_control|Add1~39               ; out0             ;
; |address_control|Add1~40               ; |address_control|Add1~40               ; out0             ;
; |address_control|Add1~42               ; |address_control|Add1~42               ; out0             ;
; |address_control|Add1~43               ; |address_control|Add1~43               ; out0             ;
; |address_control|Add1~45               ; |address_control|Add1~45               ; out0             ;
; |address_control|Add1~46               ; |address_control|Add1~46               ; out0             ;
; |address_control|Add1~48               ; |address_control|Add1~48               ; out0             ;
; |address_control|Add1~49               ; |address_control|Add1~49               ; out0             ;
; |address_control|Add1~51               ; |address_control|Add1~51               ; out0             ;
; |address_control|Add1~52               ; |address_control|Add1~52               ; out0             ;
; |address_control|Add1~54               ; |address_control|Add1~54               ; out0             ;
; |address_control|Add1~55               ; |address_control|Add1~55               ; out0             ;
; |address_control|Add1~57               ; |address_control|Add1~57               ; out0             ;
; |address_control|Add1~58               ; |address_control|Add1~58               ; out0             ;
; |address_control|Add1~60               ; |address_control|Add1~60               ; out0             ;
; |address_control|Add1~61               ; |address_control|Add1~61               ; out0             ;
; |address_control|Add1~63               ; |address_control|Add1~63               ; out0             ;
; |address_control|Equal0~0              ; |address_control|Equal0~0              ; out0             ;
+----------------------------------------+----------------------------------------+------------------+


The following table displays output ports that do not toggle to 1 during simulation.
+------------------------------------------------------------------------------------------+
; Missing 1-Value Coverage                                                                 ;
+-----------------------------------+-----------------------------------+------------------+
; Node Name                         ; Output Port Name                  ; Output Port Type ;
+-----------------------------------+-----------------------------------+------------------+
; |address_control|data_out~0       ; |address_control|data_out~0       ; out              ;
; |address_control|data_out~2       ; |address_control|data_out~2       ; out              ;
; |address_control|data_out~4       ; |address_control|data_out~4       ; out              ;
; |address_control|data_out~6       ; |address_control|data_out~6       ; out              ;
; |address_control|data_out~8       ; |address_control|data_out~8       ; out              ;
; |address_control|data_out~10      ; |address_control|data_out~10      ; out              ;
; |address_control|data_out~12      ; |address_control|data_out~12      ; out              ;
; |address_control|data_out~14      ; |address_control|data_out~14      ; out              ;
; |address_control|address~0        ; |address_control|address~0        ; out              ;
; |address_control|address~1        ; |address_control|address~1        ; out              ;
; |address_control|address~2        ; |address_control|address~2        ; out              ;
; |address_control|address~20       ; |address_control|address~20       ; out              ;
; |address_control|address[19]~reg0 ; |address_control|address[19]~reg0 ; regout           ;
; |address_control|address[20]~reg0 ; |address_control|address[20]~reg0 ; regout           ;
; |address_control|address[21]~reg0 ; |address_control|address[21]~reg0 ; regout           ;
; |address_control|address[22]~reg0 ; |address_control|address[22]~reg0 ; regout           ;
; |address_control|data_in[8]       ; |address_control|data_in[8]       ; out              ;
; |address_control|data_in[9]       ; |address_control|data_in[9]       ; out              ;
; |address_control|data_in[10]      ; |address_control|data_in[10]      ; out              ;
; |address_control|data_in[11]      ; |address_control|data_in[11]      ; out              ;
; |address_control|data_in[12]      ; |address_control|data_in[12]      ; out              ;
; |address_control|data_in[13]      ; |address_control|data_in[13]      ; out              ;
; |address_control|data_in[14]      ; |address_control|data_in[14]      ; out              ;
; |address_control|data_in[15]      ; |address_control|data_in[15]      ; out              ;
; |address_control|data_in[24]      ; |address_control|data_in[24]      ; out              ;
; |address_control|data_in[25]      ; |address_control|data_in[25]      ; out              ;
; |address_control|data_in[26]      ; |address_control|data_in[26]      ; out              ;
; |address_control|data_in[27]      ; |address_control|data_in[27]      ; out              ;
; |address_control|data_in[28]      ; |address_control|data_in[28]      ; out              ;
; |address_control|data_in[29]      ; |address_control|data_in[29]      ; out              ;
; |address_control|data_in[30]      ; |address_control|data_in[30]      ; out              ;
; |address_control|data_in[31]      ; |address_control|data_in[31]      ; out              ;
; |address_control|byteenable[0]    ; |address_control|byteenable[0]    ; pin_out          ;
; |address_control|byteenable[1]    ; |address_control|byteenable[1]    ; pin_out          ;
; |address_control|byteenable[2]    ; |address_control|byteenable[2]    ; pin_out          ;
; |address_control|byteenable[3]    ; |address_control|byteenable[3]    ; pin_out          ;
; |address_control|address[19]      ; |address_control|address[19]      ; pin_out          ;
; |address_control|address[20]      ; |address_control|address[20]      ; pin_out          ;
; |address_control|address[21]      ; |address_control|address[21]      ; pin_out          ;
; |address_control|address[22]      ; |address_control|address[22]      ; pin_out          ;
; |address_control|Selector0~1      ; |address_control|Selector0~1      ; out0             ;
; |address_control|Selector0~2      ; |address_control|Selector0~2      ; out0             ;
; |address_control|Selector0~3      ; |address_control|Selector0~3      ; out0             ;
; |address_control|Selector0~4      ; |address_control|Selector0~4      ; out0             ;
; |address_control|Selector1~1      ; |address_control|Selector1~1      ; out0             ;
; |address_control|Selector1~2      ; |address_control|Selector1~2      ; out0             ;
; |address_control|Selector1~3      ; |address_control|Selector1~3      ; out0             ;
; |address_control|Selector2~1      ; |address_control|Selector2~1      ; out0             ;
; |address_control|Selector2~4      ; |address_control|Selector2~4      ; out0             ;
; |address_control|Selector4~3      ; |address_control|Selector4~3      ; out0             ;
; |address_control|Selector4~4      ; |address_control|Selector4~4      ; out0             ;
; |address_control|Selector5~3      ; |address_control|Selector5~3      ; out0             ;
; |address_control|Selector5~4      ; |address_control|Selector5~4      ; out0             ;
; |address_control|Selector6~1      ; |address_control|Selector6~1      ; out0             ;
; |address_control|Selector6~2      ; |address_control|Selector6~2      ; out0             ;
; |address_control|Selector6~3      ; |address_control|Selector6~3      ; out0             ;
; |address_control|Selector6~4      ; |address_control|Selector6~4      ; out0             ;
; |address_control|Selector7~0      ; |address_control|Selector7~0      ; out              ;
; |address_control|Selector7~1      ; |address_control|Selector7~1      ; out              ;
; |address_control|Selector8~0      ; |address_control|Selector8~0      ; out              ;
; |address_control|Selector8~1      ; |address_control|Selector8~1      ; out              ;
; |address_control|Selector9~0      ; |address_control|Selector9~0      ; out              ;
; |address_control|Selector9~1      ; |address_control|Selector9~1      ; out              ;
; |address_control|Selector10~0     ; |address_control|Selector10~0     ; out              ;
; |address_control|Selector10~1     ; |address_control|Selector10~1     ; out              ;
; |address_control|LessThan0~0      ; |address_control|LessThan0~0      ; out0             ;
; |address_control|LessThan0~1      ; |address_control|LessThan0~1      ; out0             ;
; |address_control|LessThan0~2      ; |address_control|LessThan0~2      ; out0             ;
; |address_control|LessThan0~3      ; |address_control|LessThan0~3      ; out0             ;
; |address_control|LessThan0~4      ; |address_control|LessThan0~4      ; out0             ;
; |address_control|LessThan0~5      ; |address_control|LessThan0~5      ; out0             ;
; |address_control|Add0~2           ; |address_control|Add0~2           ; out0             ;
; |address_control|Add0~37          ; |address_control|Add0~37          ; out0             ;
; |address_control|Add0~38          ; |address_control|Add0~38          ; out0             ;
; |address_control|Add0~39          ; |address_control|Add0~39          ; out0             ;
; |address_control|Add0~40          ; |address_control|Add0~40          ; out0             ;
; |address_control|Add0~41          ; |address_control|Add0~41          ; out0             ;
; |address_control|Add0~42          ; |address_control|Add0~42          ; out0             ;
; |address_control|Add1~56          ; |address_control|Add1~56          ; out0             ;
; |address_control|Add1~59          ; |address_control|Add1~59          ; out0             ;
; |address_control|Add1~62          ; |address_control|Add1~62          ; out0             ;
+-----------------------------------+-----------------------------------+------------------+


The following table displays output ports that do not toggle to 0 during simulation.
+------------------------------------------------------------------------------------------+
; Missing 0-Value Coverage                                                                 ;
+-----------------------------------+-----------------------------------+------------------+
; Node Name                         ; Output Port Name                  ; Output Port Type ;
+-----------------------------------+-----------------------------------+------------------+
; |address_control|data_out~0       ; |address_control|data_out~0       ; out              ;
; |address_control|data_out~2       ; |address_control|data_out~2       ; out              ;
; |address_control|data_out~4       ; |address_control|data_out~4       ; out              ;
; |address_control|data_out~6       ; |address_control|data_out~6       ; out              ;
; |address_control|data_out~8       ; |address_control|data_out~8       ; out              ;
; |address_control|data_out~10      ; |address_control|data_out~10      ; out              ;
; |address_control|data_out~12      ; |address_control|data_out~12      ; out              ;
; |address_control|data_out~14      ; |address_control|data_out~14      ; out              ;
; |address_control|address~0        ; |address_control|address~0        ; out              ;
; |address_control|address~1        ; |address_control|address~1        ; out              ;
; |address_control|address~2        ; |address_control|address~2        ; out              ;
; |address_control|address~3        ; |address_control|address~3        ; out              ;
; |address_control|address~20       ; |address_control|address~20       ; out              ;
; |address_control|data_out[1]~reg0 ; |address_control|data_out[1]~reg0 ; regout           ;
; |address_control|data_out[3]~reg0 ; |address_control|data_out[3]~reg0 ; regout           ;
; |address_control|data_out[5]~reg0 ; |address_control|data_out[5]~reg0 ; regout           ;
; |address_control|data_out[7]~reg0 ; |address_control|data_out[7]~reg0 ; regout           ;
; |address_control|address[1]~reg0  ; |address_control|address[1]~reg0  ; regout           ;
; |address_control|address[2]~reg0  ; |address_control|address[2]~reg0  ; regout           ;
; |address_control|address[3]~reg0  ; |address_control|address[3]~reg0  ; regout           ;
; |address_control|address[4]~reg0  ; |address_control|address[4]~reg0  ; regout           ;
; |address_control|address[5]~reg0  ; |address_control|address[5]~reg0  ; regout           ;
; |address_control|address[6]~reg0  ; |address_control|address[6]~reg0  ; regout           ;
; |address_control|address[7]~reg0  ; |address_control|address[7]~reg0  ; regout           ;
; |address_control|address[8]~reg0  ; |address_control|address[8]~reg0  ; regout           ;
; |address_control|address[9]~reg0  ; |address_control|address[9]~reg0  ; regout           ;
; |address_control|address[10]~reg0 ; |address_control|address[10]~reg0 ; regout           ;
; |address_control|address[11]~reg0 ; |address_control|address[11]~reg0 ; regout           ;
; |address_control|address[12]~reg0 ; |address_control|address[12]~reg0 ; regout           ;
; |address_control|address[13]~reg0 ; |address_control|address[13]~reg0 ; regout           ;
; |address_control|address[14]~reg0 ; |address_control|address[14]~reg0 ; regout           ;
; |address_control|address[15]~reg0 ; |address_control|address[15]~reg0 ; regout           ;
; |address_control|address[16]~reg0 ; |address_control|address[16]~reg0 ; regout           ;
; |address_control|address[17]~reg0 ; |address_control|address[17]~reg0 ; regout           ;
; |address_control|address[18]~reg0 ; |address_control|address[18]~reg0 ; regout           ;
; |address_control|address[19]~reg0 ; |address_control|address[19]~reg0 ; regout           ;
; |address_control|address[20]~reg0 ; |address_control|address[20]~reg0 ; regout           ;
; |address_control|address[21]~reg0 ; |address_control|address[21]~reg0 ; regout           ;
; |address_control|address[22]~reg0 ; |address_control|address[22]~reg0 ; regout           ;
; |address_control|data_in[8]       ; |address_control|data_in[8]       ; out              ;
; |address_control|data_in[9]       ; |address_control|data_in[9]       ; out              ;
; |address_control|data_in[10]      ; |address_control|data_in[10]      ; out              ;
; |address_control|data_in[11]      ; |address_control|data_in[11]      ; out              ;
; |address_control|data_in[12]      ; |address_control|data_in[12]      ; out              ;
; |address_control|data_in[13]      ; |address_control|data_in[13]      ; out              ;
; |address_control|data_in[14]      ; |address_control|data_in[14]      ; out              ;
; |address_control|data_in[15]      ; |address_control|data_in[15]      ; out              ;
; |address_control|data_in[24]      ; |address_control|data_in[24]      ; out              ;
; |address_control|data_in[25]      ; |address_control|data_in[25]      ; out              ;
; |address_control|data_in[26]      ; |address_control|data_in[26]      ; out              ;
; |address_control|data_in[27]      ; |address_control|data_in[27]      ; out              ;
; |address_control|data_in[28]      ; |address_control|data_in[28]      ; out              ;
; |address_control|data_in[29]      ; |address_control|data_in[29]      ; out              ;
; |address_control|data_in[30]      ; |address_control|data_in[30]      ; out              ;
; |address_control|data_in[31]      ; |address_control|data_in[31]      ; out              ;
; |address_control|byteenable[0]    ; |address_control|byteenable[0]    ; pin_out          ;
; |address_control|byteenable[1]    ; |address_control|byteenable[1]    ; pin_out          ;
; |address_control|byteenable[2]    ; |address_control|byteenable[2]    ; pin_out          ;
; |address_control|byteenable[3]    ; |address_control|byteenable[3]    ; pin_out          ;
; |address_control|data_out[1]      ; |address_control|data_out[1]      ; pin_out          ;
; |address_control|data_out[3]      ; |address_control|data_out[3]      ; pin_out          ;
; |address_control|data_out[5]      ; |address_control|data_out[5]      ; pin_out          ;
; |address_control|data_out[7]      ; |address_control|data_out[7]      ; pin_out          ;
; |address_control|address[1]       ; |address_control|address[1]       ; pin_out          ;
; |address_control|address[2]       ; |address_control|address[2]       ; pin_out          ;
; |address_control|address[3]       ; |address_control|address[3]       ; pin_out          ;
; |address_control|address[4]       ; |address_control|address[4]       ; pin_out          ;
; |address_control|address[5]       ; |address_control|address[5]       ; pin_out          ;
; |address_control|address[6]       ; |address_control|address[6]       ; pin_out          ;
; |address_control|address[7]       ; |address_control|address[7]       ; pin_out          ;
; |address_control|address[8]       ; |address_control|address[8]       ; pin_out          ;
; |address_control|address[9]       ; |address_control|address[9]       ; pin_out          ;
; |address_control|address[10]      ; |address_control|address[10]      ; pin_out          ;
; |address_control|address[11]      ; |address_control|address[11]      ; pin_out          ;
; |address_control|address[12]      ; |address_control|address[12]      ; pin_out          ;
; |address_control|address[13]      ; |address_control|address[13]      ; pin_out          ;
; |address_control|address[14]      ; |address_control|address[14]      ; pin_out          ;
; |address_control|address[15]      ; |address_control|address[15]      ; pin_out          ;
; |address_control|address[16]      ; |address_control|address[16]      ; pin_out          ;
; |address_control|address[17]      ; |address_control|address[17]      ; pin_out          ;
; |address_control|address[18]      ; |address_control|address[18]      ; pin_out          ;
; |address_control|address[19]      ; |address_control|address[19]      ; pin_out          ;
; |address_control|address[20]      ; |address_control|address[20]      ; pin_out          ;
; |address_control|address[21]      ; |address_control|address[21]      ; pin_out          ;
; |address_control|address[22]      ; |address_control|address[22]      ; pin_out          ;
; |address_control|Selector0~1      ; |address_control|Selector0~1      ; out0             ;
; |address_control|Selector0~2      ; |address_control|Selector0~2      ; out0             ;
; |address_control|Selector0~3      ; |address_control|Selector0~3      ; out0             ;
; |address_control|Selector0~4      ; |address_control|Selector0~4      ; out0             ;
; |address_control|Selector1~1      ; |address_control|Selector1~1      ; out0             ;
; |address_control|Selector1~2      ; |address_control|Selector1~2      ; out0             ;
; |address_control|Selector1~3      ; |address_control|Selector1~3      ; out0             ;
; |address_control|Selector2~1      ; |address_control|Selector2~1      ; out0             ;
; |address_control|Selector2~4      ; |address_control|Selector2~4      ; out0             ;
; |address_control|Selector4~3      ; |address_control|Selector4~3      ; out0             ;
; |address_control|Selector4~4      ; |address_control|Selector4~4      ; out0             ;
; |address_control|Selector5~3      ; |address_control|Selector5~3      ; out0             ;
; |address_control|Selector5~4      ; |address_control|Selector5~4      ; out0             ;
; |address_control|Selector6~1      ; |address_control|Selector6~1      ; out0             ;
; |address_control|Selector6~2      ; |address_control|Selector6~2      ; out0             ;
; |address_control|Selector6~3      ; |address_control|Selector6~3      ; out0             ;
; |address_control|Selector6~4      ; |address_control|Selector6~4      ; out0             ;
; |address_control|Selector7~0      ; |address_control|Selector7~0      ; out              ;
; |address_control|Selector7~1      ; |address_control|Selector7~1      ; out              ;
; |address_control|Selector8~0      ; |address_control|Selector8~0      ; out              ;
; |address_control|Selector8~1      ; |address_control|Selector8~1      ; out              ;
; |address_control|Selector9~0      ; |address_control|Selector9~0      ; out              ;
; |address_control|Selector9~1      ; |address_control|Selector9~1      ; out              ;
; |address_control|Selector10~0     ; |address_control|Selector10~0     ; out              ;
; |address_control|Selector10~1     ; |address_control|Selector10~1     ; out              ;
; |address_control|Selector11~0     ; |address_control|Selector11~0     ; out              ;
; |address_control|Selector11~1     ; |address_control|Selector11~1     ; out              ;
; |address_control|Selector12~0     ; |address_control|Selector12~0     ; out              ;
; |address_control|Selector12~1     ; |address_control|Selector12~1     ; out              ;
; |address_control|Selector13~0     ; |address_control|Selector13~0     ; out              ;
; |address_control|Selector13~1     ; |address_control|Selector13~1     ; out              ;
; |address_control|Selector14~0     ; |address_control|Selector14~0     ; out              ;
; |address_control|Selector14~1     ; |address_control|Selector14~1     ; out              ;
; |address_control|Selector15~0     ; |address_control|Selector15~0     ; out              ;
; |address_control|Selector15~1     ; |address_control|Selector15~1     ; out              ;
; |address_control|Selector16~0     ; |address_control|Selector16~0     ; out              ;
; |address_control|Selector16~1     ; |address_control|Selector16~1     ; out              ;
; |address_control|Selector17~0     ; |address_control|Selector17~0     ; out              ;
; |address_control|Selector17~1     ; |address_control|Selector17~1     ; out              ;
; |address_control|Selector18~0     ; |address_control|Selector18~0     ; out              ;
; |address_control|Selector18~1     ; |address_control|Selector18~1     ; out              ;
; |address_control|Selector19~0     ; |address_control|Selector19~0     ; out              ;
; |address_control|Selector19~1     ; |address_control|Selector19~1     ; out              ;
; |address_control|Selector20~0     ; |address_control|Selector20~0     ; out              ;
; |address_control|Selector20~1     ; |address_control|Selector20~1     ; out              ;
; |address_control|Selector21~0     ; |address_control|Selector21~0     ; out              ;
; |address_control|Selector21~1     ; |address_control|Selector21~1     ; out              ;
; |address_control|Selector22~0     ; |address_control|Selector22~0     ; out              ;
; |address_control|Selector22~1     ; |address_control|Selector22~1     ; out              ;
; |address_control|Selector23~0     ; |address_control|Selector23~0     ; out              ;
; |address_control|Selector23~1     ; |address_control|Selector23~1     ; out              ;
; |address_control|Selector24~0     ; |address_control|Selector24~0     ; out              ;
; |address_control|Selector24~1     ; |address_control|Selector24~1     ; out              ;
; |address_control|Selector25~0     ; |address_control|Selector25~0     ; out              ;
; |address_control|Selector25~1     ; |address_control|Selector25~1     ; out              ;
; |address_control|Selector26~0     ; |address_control|Selector26~0     ; out              ;
; |address_control|Selector26~1     ; |address_control|Selector26~1     ; out              ;
; |address_control|Selector27~0     ; |address_control|Selector27~0     ; out              ;
; |address_control|Selector27~1     ; |address_control|Selector27~1     ; out              ;
; |address_control|Selector28~0     ; |address_control|Selector28~0     ; out              ;
; |address_control|Selector28~1     ; |address_control|Selector28~1     ; out              ;
; |address_control|Selector30~0     ; |address_control|Selector30~0     ; out              ;
; |address_control|Selector30~1     ; |address_control|Selector30~1     ; out              ;
; |address_control|Selector32~0     ; |address_control|Selector32~0     ; out              ;
; |address_control|Selector32~1     ; |address_control|Selector32~1     ; out              ;
; |address_control|Selector34~0     ; |address_control|Selector34~0     ; out              ;
; |address_control|Selector34~1     ; |address_control|Selector34~1     ; out              ;
; |address_control|Selector36~0     ; |address_control|Selector36~0     ; out              ;
; |address_control|Selector36~1     ; |address_control|Selector36~1     ; out              ;
; |address_control|LessThan0~0      ; |address_control|LessThan0~0      ; out0             ;
; |address_control|LessThan0~1      ; |address_control|LessThan0~1      ; out0             ;
; |address_control|LessThan0~2      ; |address_control|LessThan0~2      ; out0             ;
; |address_control|LessThan0~3      ; |address_control|LessThan0~3      ; out0             ;
; |address_control|LessThan0~4      ; |address_control|LessThan0~4      ; out0             ;
; |address_control|LessThan0~5      ; |address_control|LessThan0~5      ; out0             ;
; |address_control|Add0~1           ; |address_control|Add0~1           ; out0             ;
; |address_control|Add0~2           ; |address_control|Add0~2           ; out0             ;
; |address_control|Add0~3           ; |address_control|Add0~3           ; out0             ;
; |address_control|Add0~5           ; |address_control|Add0~5           ; out0             ;
; |address_control|Add0~7           ; |address_control|Add0~7           ; out0             ;
; |address_control|Add0~9           ; |address_control|Add0~9           ; out0             ;
; |address_control|Add0~11          ; |address_control|Add0~11          ; out0             ;
; |address_control|Add0~13          ; |address_control|Add0~13          ; out0             ;
; |address_control|Add0~15          ; |address_control|Add0~15          ; out0             ;
; |address_control|Add0~17          ; |address_control|Add0~17          ; out0             ;
; |address_control|Add0~19          ; |address_control|Add0~19          ; out0             ;
; |address_control|Add0~21          ; |address_control|Add0~21          ; out0             ;
; |address_control|Add0~23          ; |address_control|Add0~23          ; out0             ;
; |address_control|Add0~25          ; |address_control|Add0~25          ; out0             ;
; |address_control|Add0~27          ; |address_control|Add0~27          ; out0             ;
; |address_control|Add0~29          ; |address_control|Add0~29          ; out0             ;
; |address_control|Add0~31          ; |address_control|Add0~31          ; out0             ;
; |address_control|Add0~33          ; |address_control|Add0~33          ; out0             ;
; |address_control|Add0~35          ; |address_control|Add0~35          ; out0             ;
; |address_control|Add0~36          ; |address_control|Add0~36          ; out0             ;
; |address_control|Add0~37          ; |address_control|Add0~37          ; out0             ;
; |address_control|Add0~38          ; |address_control|Add0~38          ; out0             ;
; |address_control|Add0~39          ; |address_control|Add0~39          ; out0             ;
; |address_control|Add0~40          ; |address_control|Add0~40          ; out0             ;
; |address_control|Add0~41          ; |address_control|Add0~41          ; out0             ;
; |address_control|Add0~42          ; |address_control|Add0~42          ; out0             ;
; |address_control|Add1~2           ; |address_control|Add1~2           ; out0             ;
; |address_control|Add1~5           ; |address_control|Add1~5           ; out0             ;
; |address_control|Add1~8           ; |address_control|Add1~8           ; out0             ;
; |address_control|Add1~11          ; |address_control|Add1~11          ; out0             ;
; |address_control|Add1~14          ; |address_control|Add1~14          ; out0             ;
; |address_control|Add1~17          ; |address_control|Add1~17          ; out0             ;
; |address_control|Add1~20          ; |address_control|Add1~20          ; out0             ;
; |address_control|Add1~23          ; |address_control|Add1~23          ; out0             ;
; |address_control|Add1~26          ; |address_control|Add1~26          ; out0             ;
; |address_control|Add1~29          ; |address_control|Add1~29          ; out0             ;
; |address_control|Add1~32          ; |address_control|Add1~32          ; out0             ;
; |address_control|Add1~35          ; |address_control|Add1~35          ; out0             ;
; |address_control|Add1~38          ; |address_control|Add1~38          ; out0             ;
; |address_control|Add1~41          ; |address_control|Add1~41          ; out0             ;
; |address_control|Add1~44          ; |address_control|Add1~44          ; out0             ;
; |address_control|Add1~47          ; |address_control|Add1~47          ; out0             ;
; |address_control|Add1~50          ; |address_control|Add1~50          ; out0             ;
; |address_control|Add1~53          ; |address_control|Add1~53          ; out0             ;
; |address_control|Add1~56          ; |address_control|Add1~56          ; out0             ;
; |address_control|Add1~59          ; |address_control|Add1~59          ; out0             ;
; |address_control|Add1~62          ; |address_control|Add1~62          ; out0             ;
+-----------------------------------+-----------------------------------+------------------+


+---------------------+
; Simulator INI Usage ;
+--------+------------+
; Option ; Usage      ;
+--------+------------+


+--------------------+
; Simulator Messages ;
+--------------------+
Info: *******************************************************************
Info: Running Quartus II Simulator
    Info: Version 9.0 Build 235 06/17/2009 Service Pack 2 SJ Web Edition
    Info: Processing started: Mon Jun 02 09:04:12 2025
Info: Command: quartus_sim --read_settings_files=on --write_settings_files=off address_control -c address_control
Info: Using vector source file "C:/Users/Admin/Desktop/lab2/lab2_template_de1soc/template_de1soc/address_control.vwf"
Info: Overwriting simulation input file with simulation results
    Info: A backup of address_control.vwf called address_control.sim_ori.vwf has been created in the db folder
Info: Option to preserve fewer signal transitions to reduce memory requirements is enabled
    Info: Simulation has been partitioned into sub-simulations according to the maximum transition count determined by the engine. Transitions from memory will be flushed out to disk at the end of each sub-simulation to reduce memory requirements.
Info: Simulation partitioned into 1 sub-simulations
Info: Simulation coverage is      49.39 %
Info: Number of transitions in simulation is 1273
Info: Vector file address_control.vwf is saved in VWF text format. You can compress it into CVWF format in order to reduce file size. For more details please refer to the Quartus II Help.
Info: Quartus II Simulator was successful. 0 errors, 0 warnings
    Info: Peak virtual memory: 161 megabytes
    Info: Processing ended: Mon Jun 02 09:04:12 2025
    Info: Elapsed time: 00:00:00
    Info: Total CPU time (on all processors): 00:00:00


