------------------------------------------------------------
TimeQuest Timing Analyzer Summary
------------------------------------------------------------

Type  : Setup 'TD_CLK27'
Slack : -4.837
TNS   : -127.707

Type  : Setup 'CLOCK_50'
Slack : 4.822
TNS   : 0.000

Type  : Setup 'altera_reserved_tck'
Slack : 6.346
TNS   : 0.000

Type  : Setup 'Generate_Arbitrary_Divided_Clk32:Generate_LCD_scope_Clk|var_clk_div32:Div_Clk|tc_reg'
Slack : 13.147
TNS   : 0.000

Type  : Setup 'Write_Kbd_To_Scope_LCD:Write_Kbd_To_LCD1|state[9]'
Slack : 14.873
TNS   : 0.000

Type  : Setup 'doublesync:ps2c_doublsync|reg2'
Slack : 15.064
TNS   : 0.000

Type  : Setup 'Generate_Arbitrary_Divided_Clk32:Gen_2Hz_clk|var_clk_div32:Div_Clk|tc_reg'
Slack : 15.272
TNS   : 0.000

Type  : Setup 'audio_controller:audio_control|audio_clock:u4|LRCK_1X'
Slack : 15.570
TNS   : 0.000

Type  : Setup 'Generate_Arbitrary_Divided_Clk32:Gen_1KHz_clk|var_clk_div32:Div_Clk|tc_reg'
Slack : 16.383
TNS   : 0.000

Type  : Setup 'audio_controller:audio_control|TFF_power_of_2_division_counter_with_auto_phase_inversion:generate_aud_ctrl_clk|widereg:div_regs_gen[1].div_reg|outdata[0]'
Slack : 16.669
TNS   : 0.000

Type  : Setup 'audio_controller:audio_control|TFF_power_of_2_division_counter_with_auto_phase_inversion:generate_aud_ctrl_clk|widereg:div_reg_top|outdata[0]'
Slack : 16.731
TNS   : 0.000

Type  : Setup 'Write_Kbd_To_Scope_LCD:Write_Kbd_To_LCD1|state[4]'
Slack : 33.992
TNS   : 0.000

Type  : Setup 'audio_controller:audio_control|I2C_AV_Config:u3|mI2C_CTRL_CLK'
Slack : 34.525
TNS   : 0.000

Type  : Setup 'myclockdivider:Generate_1Hz_clk|outclk'
Slack : 34.951
TNS   : 0.000

Type  : Setup 'audio_controller:audio_control|audio_clock:u4|oAUD_BCK'
Slack : 36.555
TNS   : 0.000

Type  : Setup 'Write_Kbd_To_Scope_LCD:Write_Kbd_To_LCD1|state[6]'
Slack : 37.254
TNS   : 0.000

Type  : Hold 'Generate_Arbitrary_Divided_Clk32:Generate_LCD_scope_Clk|var_clk_div32:Div_Clk|tc_reg'
Slack : 0.057
TNS   : 0.000

Type  : Hold 'CLOCK_50'
Slack : 0.215
TNS   : 0.000

Type  : Hold 'audio_controller:audio_control|I2C_AV_Config:u3|mI2C_CTRL_CLK'
Slack : 0.292
TNS   : 0.000

Type  : Hold 'altera_reserved_tck'
Slack : 0.373
TNS   : 0.000

Type  : Hold 'Generate_Arbitrary_Divided_Clk32:Gen_1KHz_clk|var_clk_div32:Div_Clk|tc_reg'
Slack : 0.496
TNS   : 0.000

Type  : Hold 'Write_Kbd_To_Scope_LCD:Write_Kbd_To_LCD1|state[4]'
Slack : 0.509
TNS   : 0.000

Type  : Hold 'TD_CLK27'
Slack : 0.528
TNS   : 0.000

Type  : Hold 'audio_controller:audio_control|TFF_power_of_2_division_counter_with_auto_phase_inversion:generate_aud_ctrl_clk|widereg:div_regs_gen[1].div_reg|outdata[0]'
Slack : 0.658
TNS   : 0.000

Type  : Hold 'Write_Kbd_To_Scope_LCD:Write_Kbd_To_LCD1|state[6]'
Slack : 0.685
TNS   : 0.000

Type  : Hold 'doublesync:ps2c_doublsync|reg2'
Slack : 0.717
TNS   : 0.000

Type  : Hold 'myclockdivider:Generate_1Hz_clk|outclk'
Slack : 0.798
TNS   : 0.000

Type  : Hold 'audio_controller:audio_control|audio_clock:u4|oAUD_BCK'
Slack : 0.881
TNS   : 0.000

Type  : Hold 'audio_controller:audio_control|TFF_power_of_2_division_counter_with_auto_phase_inversion:generate_aud_ctrl_clk|widereg:div_reg_top|outdata[0]'
Slack : 1.063
TNS   : 0.000

Type  : Hold 'audio_controller:audio_control|audio_clock:u4|LRCK_1X'
Slack : 2.282
TNS   : 0.000

Type  : Hold 'Generate_Arbitrary_Divided_Clk32:Gen_2Hz_clk|var_clk_div32:Div_Clk|tc_reg'
Slack : 2.479
TNS   : 0.000

Type  : Hold 'Write_Kbd_To_Scope_LCD:Write_Kbd_To_LCD1|state[9]'
Slack : 19.748
TNS   : 0.000

Type  : Recovery 'Kbd_ctrl:Kbd_Controller|data_ready'
Slack : 4.100
TNS   : 0.000

Type  : Recovery 'doublesync:ps2c_doublsync|reg2'
Slack : 4.116
TNS   : 0.000

Type  : Recovery 'speed_down_event_trigger'
Slack : 4.968
TNS   : 0.000

Type  : Recovery 'speed_up_event_trigger'
Slack : 5.075
TNS   : 0.000

Type  : Recovery 'myclockdivider:CLOCK_22KHz_Generator|outclk'
Slack : 5.549
TNS   : 0.000

Type  : Recovery 'CLOCK_50'
Slack : 5.555
TNS   : 0.000

Type  : Recovery 'doublesync:key2_doublsync|reg2'
Slack : 13.954
TNS   : 0.000

Type  : Recovery 'Write_Kbd_To_Scope_LCD:Write_Kbd_To_LCD1|state[5]'
Slack : 14.930
TNS   : 0.000

Type  : Recovery 'Write_Kbd_To_Scope_LCD:Write_Kbd_To_LCD1|state[6]'
Slack : 14.979
TNS   : 0.000

Type  : Recovery 'audio_controller:audio_control|audio_clock:u4|oAUD_BCK'
Slack : 15.243
TNS   : 0.000

Type  : Recovery 'audio_controller:audio_control|TFF_power_of_2_division_counter_with_auto_phase_inversion:generate_aud_ctrl_clk|widereg:div_regs_gen[1].div_reg|outdata[0]'
Slack : 15.613
TNS   : 0.000

Type  : Recovery 'altera_reserved_tck'
Slack : 26.615
TNS   : 0.000

Type  : Removal 'CLOCK_50'
Slack : 0.556
TNS   : 0.000

Type  : Removal 'altera_reserved_tck'
Slack : 0.866
TNS   : 0.000

Type  : Removal 'doublesync:ps2c_doublsync|reg2'
Slack : 2.381
TNS   : 0.000

Type  : Removal 'audio_controller:audio_control|TFF_power_of_2_division_counter_with_auto_phase_inversion:generate_aud_ctrl_clk|widereg:div_regs_gen[1].div_reg|outdata[0]'
Slack : 2.623
TNS   : 0.000

Type  : Removal 'audio_controller:audio_control|audio_clock:u4|oAUD_BCK'
Slack : 3.053
TNS   : 0.000

Type  : Removal 'Write_Kbd_To_Scope_LCD:Write_Kbd_To_LCD1|state[5]'
Slack : 3.101
TNS   : 0.000

Type  : Removal 'Write_Kbd_To_Scope_LCD:Write_Kbd_To_LCD1|state[6]'
Slack : 3.220
TNS   : 0.000

Type  : Removal 'doublesync:key2_doublsync|reg2'
Slack : 4.074
TNS   : 0.000

Type  : Removal 'myclockdivider:CLOCK_22KHz_Generator|outclk'
Slack : 12.738
TNS   : 0.000

Type  : Removal 'speed_up_event_trigger'
Slack : 13.135
TNS   : 0.000

Type  : Removal 'speed_down_event_trigger'
Slack : 13.254
TNS   : 0.000

Type  : Removal 'Kbd_ctrl:Kbd_Controller|data_ready'
Slack : 13.940
TNS   : 0.000

Type  : Minimum Pulse Width 'CLOCK_50'
Slack : 8.429
TNS   : 0.000

Type  : Minimum Pulse Width 'altera_reserved_tck'
Slack : 15.433
TNS   : 0.000

Type  : Minimum Pulse Width 'TD_CLK27'
Slack : 17.130
TNS   : 0.000

Type  : Minimum Pulse Width 'Generate_Arbitrary_Divided_Clk32:Generate_LCD_scope_Clk|var_clk_div32:Div_Clk|tc_reg'
Slack : 18.780
TNS   : 0.000

Type  : Minimum Pulse Width 'audio_controller:audio_control|audio_clock:u4|LRCK_1X'
Slack : 19.233
TNS   : 0.000

Type  : Minimum Pulse Width 'audio_controller:audio_control|audio_clock:u4|oAUD_BCK'
Slack : 19.254
TNS   : 0.000

Type  : Minimum Pulse Width 'Write_Kbd_To_Scope_LCD:Write_Kbd_To_LCD1|state[4]'
Slack : 19.262
TNS   : 0.000

Type  : Minimum Pulse Width 'audio_controller:audio_control|I2C_AV_Config:u3|mI2C_CTRL_CLK'
Slack : 19.273
TNS   : 0.000

Type  : Minimum Pulse Width 'Generate_Arbitrary_Divided_Clk32:Gen_1KHz_clk|var_clk_div32:Div_Clk|tc_reg'
Slack : 19.284
TNS   : 0.000

Type  : Minimum Pulse Width 'audio_controller:audio_control|TFF_power_of_2_division_counter_with_auto_phase_inversion:generate_aud_ctrl_clk|widereg:div_reg_top|outdata[0]'
Slack : 19.284
TNS   : 0.000

Type  : Minimum Pulse Width 'myclockdivider:CLOCK_22KHz_Generator|outclk'
Slack : 19.326
TNS   : 0.000

Type  : Minimum Pulse Width 'doublesync:ps2c_doublsync|reg2'
Slack : 19.341
TNS   : 0.000

Type  : Minimum Pulse Width 'Write_Kbd_To_Scope_LCD:Write_Kbd_To_LCD1|state[9]'
Slack : 19.350
TNS   : 0.000

Type  : Minimum Pulse Width 'speed_down_event_trigger'
Slack : 19.397
TNS   : 0.000

Type  : Minimum Pulse Width 'audio_controller:audio_control|TFF_power_of_2_division_counter_with_auto_phase_inversion:generate_aud_ctrl_clk|widereg:div_regs_gen[1].div_reg|outdata[0]'
Slack : 19.399
TNS   : 0.000

Type  : Minimum Pulse Width 'myclockdivider:Generate_1Hz_clk|outclk'
Slack : 19.400
TNS   : 0.000

Type  : Minimum Pulse Width 'doublesync:key2_doublsync|reg2'
Slack : 19.403
TNS   : 0.000

Type  : Minimum Pulse Width 'Kbd_ctrl:Kbd_Controller|data_ready'
Slack : 19.406
TNS   : 0.000

Type  : Minimum Pulse Width 'Generate_Arbitrary_Divided_Clk32:Gen_2Hz_clk|var_clk_div32:Div_Clk|tc_reg'
Slack : 19.408
TNS   : 0.000

Type  : Minimum Pulse Width 'speed_up_event_trigger'
Slack : 19.413
TNS   : 0.000

Type  : Minimum Pulse Width 'Write_Kbd_To_Scope_LCD:Write_Kbd_To_LCD1|state[6]'
Slack : 19.418
TNS   : 0.000

Type  : Minimum Pulse Width 'Write_Kbd_To_Scope_LCD:Write_Kbd_To_LCD1|state[5]'
Slack : 19.433
TNS   : 0.000

------------------------------------------------------------
